[
  {
    "choices": [
      {
        "delta": {
          "content": "OK",
          "role": "assistant",
          "tool_calls": null
        },
        "finish_reason": null,
        "index": 0,
        "logprobs": null
      }
    ],
    "created": 1741266005,
    "id": "",
    "model": "meta-llama/Llama-3.1-8B-Instruct",
    "object": "chat.completion.chunk",
    "system_fingerprint": "3.1.2-dev0-native",
    "usage": null
  },
  {
    "choices": [
      {
        "delta": {
          "content": "!",
          "role": "assistant",
          "tool_calls": null
        },
        "finish_reason": null,
        "index": 0,
        "logprobs": null
      }
    ],
    "created": 1741266005,
    "id": "",
    "model": "meta-llama/Llama-3.1-8B-Instruct",
    "object": "chat.completion.chunk",
    "system_fingerprint": "3.1.2-dev0-native",
    "usage": null
  },
  {
    "choices": [
      {
        "delta": {
          "content": "",
          "role": "assistant",
          "tool_calls": null
        },
        "finish_reason": "stop",
        "index": 0,
        "logprobs": null
      }
    ],
    "created": 1741266005,
    "id": "",
    "model": "meta-llama/Llama-3.1-8B-Instruct",
    "object": "chat.completion.chunk",
    "system_fingerprint": "3.1.2-dev0-native",
    "usage": null
  },
  {
    "choices": [],
    "created": 1741266005,
    "id": "",
    "model": "meta-llama/Llama-3.1-8B-Instruct",
    "object": "chat.completion.chunk",
    "system_fingerprint": "3.1.2-dev0-native",
    "usage": {
      "completion_tokens": 3,
      "prompt_tokens": 39,
      "total_tokens": 42
    }
  }
]
