{
  "choices": [
    {
      "finish_reason": "length",
      "index": 0,
      "logprobs": null,
      "message": {
        "content": "Both an elephant and a mouse are mammals. However, the differences between elephants and mice are:\n\n1",
        "role": "assistant"
      }
    }
  ],
  "created": 1732541189,
  "id": "",
  "model": "TinyLlama/TinyLlama-1.1B-Chat-v1.0",
  "object": "chat.completion",
  "system_fingerprint": "2.4.1-dev0-native",
  "usage": {
    "completion_tokens": 30,
    "prompt_tokens": 49,
    "total_tokens": 79
  }
}
