[
  {
    "details": {
      "best_of_sequences": null,
      "finish_reason": "length",
      "generated_tokens": 10,
      "prefill": [],
      "seed": null,
      "tokens": [
        {
          "id": 1736,
          "logprob": -2.09375,
          "special": false,
          "text": " form"
        },
        {
          "id": 109,
          "logprob": -1.9140625,
          "special": false,
          "text": "\n\n"
        },
        {
          "id": 651,
          "logprob": -2.453125,
          "special": false,
          "text": "The"
        },
        {
          "id": 2121,
          "logprob": -1.8984375,
          "special": false,
          "text": " test"
        },
        {
          "id": 3853,
          "logprob": -0.23535156,
          "special": false,
          "text": " request"
        },
        {
          "id": 1736,
          "logprob": -0.091308594,
          "special": false,
          "text": " form"
        },
        {
          "id": 603,
          "logprob": -0.96875,
          "special": false,
          "text": " is"
        },
        {
          "id": 1671,
          "logprob": -1.6484375,
          "special": false,
          "text": " used"
        },
        {
          "id": 577,
          "logprob": -0.43164062,
          "special": false,
          "text": " to"
        },
        {
          "id": 3853,
          "logprob": -1.2421875,
          "special": false,
          "text": " request"
        }
      ],
      "top_tokens": null
    },
    "generated_text": " form\n\nThe test request form is used to request"
  },
  {
    "details": {
      "best_of_sequences": null,
      "finish_reason": "length",
      "generated_tokens": 10,
      "prefill": [],
      "seed": null,
      "tokens": [
        {
          "id": 1736,
          "logprob": -2.09375,
          "special": false,
          "text": " form"
        },
        {
          "id": 109,
          "logprob": -1.9140625,
          "special": false,
          "text": "\n\n"
        },
        {
          "id": 651,
          "logprob": -2.453125,
          "special": false,
          "text": "The"
        },
        {
          "id": 2121,
          "logprob": -1.8984375,
          "special": false,
          "text": " test"
        },
        {
          "id": 3853,
          "logprob": -0.23535156,
          "special": false,
          "text": " request"
        },
        {
          "id": 1736,
          "logprob": -0.091308594,
          "special": false,
          "text": " form"
        },
        {
          "id": 603,
          "logprob": -0.96875,
          "special": false,
          "text": " is"
        },
        {
          "id": 1671,
          "logprob": -1.6484375,
          "special": false,
          "text": " used"
        },
        {
          "id": 577,
          "logprob": -0.43164062,
          "special": false,
          "text": " to"
        },
        {
          "id": 3853,
          "logprob": -1.2421875,
          "special": false,
          "text": " request"
        }
      ],
      "top_tokens": null
    },
    "generated_text": " form\n\nThe test request form is used to request"
  },
  {
    "details": {
      "best_of_sequences": null,
      "finish_reason": "length",
      "generated_tokens": 10,
      "prefill": [],
      "seed": null,
      "tokens": [
        {
          "id": 1736,
          "logprob": -2.09375,
          "special": false,
          "text": " form"
        },
        {
          "id": 109,
          "logprob": -1.9140625,
          "special": false,
          "text": "\n\n"
        },
        {
          "id": 651,
          "logprob": -2.453125,
          "special": false,
          "text": "The"
        },
        {
          "id": 2121,
          "logprob": -1.8984375,
          "special": false,
          "text": " test"
        },
        {
          "id": 3853,
          "logprob": -0.23535156,
          "special": false,
          "text": " request"
        },
        {
          "id": 1736,
          "logprob": -0.091308594,
          "special": false,
          "text": " form"
        },
        {
          "id": 603,
          "logprob": -0.96875,
          "special": false,
          "text": " is"
        },
        {
          "id": 1671,
          "logprob": -1.6484375,
          "special": false,
          "text": " used"
        },
        {
          "id": 577,
          "logprob": -0.43164062,
          "special": false,
          "text": " to"
        },
        {
          "id": 3853,
          "logprob": -1.2421875,
          "special": false,
          "text": " request"
        }
      ],
      "top_tokens": null
    },
    "generated_text": " form\n\nThe test request form is used to request"
  },
  {
    "details": {
      "best_of_sequences": null,
      "finish_reason": "length",
      "generated_tokens": 10,
      "prefill": [],
      "seed": null,
      "tokens": [
        {
          "id": 1736,
          "logprob": -2.09375,
          "special": false,
          "text": " form"
        },
        {
          "id": 109,
          "logprob": -1.9140625,
          "special": false,
          "text": "\n\n"
        },
        {
          "id": 651,
          "logprob": -2.453125,
          "special": false,
          "text": "The"
        },
        {
          "id": 2121,
          "logprob": -1.8984375,
          "special": false,
          "text": " test"
        },
        {
          "id": 3853,
          "logprob": -0.23535156,
          "special": false,
          "text": " request"
        },
        {
          "id": 1736,
          "logprob": -0.091308594,
          "special": false,
          "text": " form"
        },
        {
          "id": 603,
          "logprob": -0.96875,
          "special": false,
          "text": " is"
        },
        {
          "id": 1671,
          "logprob": -1.6484375,
          "special": false,
          "text": " used"
        },
        {
          "id": 577,
          "logprob": -0.43164062,
          "special": false,
          "text": " to"
        },
        {
          "id": 3853,
          "logprob": -1.2421875,
          "special": false,
          "text": " request"
        }
      ],
      "top_tokens": null
    },
    "generated_text": " form\n\nThe test request form is used to request"
  }
]
