[
  {
    "details": {
      "best_of_sequences": null,
      "finish_reason": "eos_token",
      "generated_tokens": 2,
      "prefill": [
        {
          "id": 589,
          "logprob": null,
          "text": "def"
        },
        {
          "id": 3226,
          "logprob": -8.9453125,
          "text": " ge"
        },
        {
          "id": 21017,
          "logprob": -8.859375,
          "text": "ometric"
        },
        {
          "id": 81,
          "logprob": -0.21826172,
          "text": "_"
        },
        {
          "id": 6009,
          "logprob": -1.3085938,
          "text": "mean"
        },
        {
          "id": 26,
          "logprob": -0.2548828,
          "text": "("
        },
        {
          "id": 62,
          "logprob": -4.8007812,
          "text": "L"
        },
        {
          "id": 44,
          "logprob": -3.7871094,
          "text": ":"
        },
        {
          "id": 1682,
          "logprob": -0.81152344,
          "text": " List"
        },
        {
          "id": 77,
          "logprob": -0.22644043,
          "text": "["
        },
        {
          "id": 1808,
          "logprob": -0.46313477,
          "text": "float"
        },
        {
          "id": 10794,
          "logprob": -3.0253906,
          "text": "]):"
        }
      ],
      "seed": null,
      "tokens": [
        {
          "id": 284,
          "logprob": -0.046936035,
          "special": false,
          "text": "\n   "
        },
        {
          "id": 0,
          "logprob": null,
          "special": true,
          "text": "<|endoftext|>"
        }
      ],
      "top_tokens": null
    },
    "generated_text": "\n   "
  },
  {
    "details": {
      "best_of_sequences": null,
      "finish_reason": "eos_token",
      "generated_tokens": 2,
      "prefill": [
        {
          "id": 589,
          "logprob": null,
          "text": "def"
        },
        {
          "id": 3226,
          "logprob": -8.9375,
          "text": " ge"
        },
        {
          "id": 21017,
          "logprob": -8.859375,
          "text": "ometric"
        },
        {
          "id": 81,
          "logprob": -0.21899414,
          "text": "_"
        },
        {
          "id": 6009,
          "logprob": -1.3105469,
          "text": "mean"
        },
        {
          "id": 26,
          "logprob": -0.25561523,
          "text": "("
        },
        {
          "id": 62,
          "logprob": -4.8085938,
          "text": "L"
        },
        {
          "id": 44,
          "logprob": -3.7890625,
          "text": ":"
        },
        {
          "id": 1682,
          "logprob": -0.80615234,
          "text": " List"
        },
        {
          "id": 77,
          "logprob": -0.22375488,
          "text": "["
        },
        {
          "id": 1808,
          "logprob": -0.46801758,
          "text": "float"
        },
        {
          "id": 10794,
          "logprob": -3.0253906,
          "text": "]):"
        }
      ],
      "seed": null,
      "tokens": [
        {
          "id": 284,
          "logprob": -0.046447754,
          "special": false,
          "text": "\n   "
        },
        {
          "id": 0,
          "logprob": null,
          "special": true,
          "text": "<|endoftext|>"
        }
      ],
      "top_tokens": null
    },
    "generated_text": "\n   "
  },
  {
    "details": {
      "best_of_sequences": null,
      "finish_reason": "eos_token",
      "generated_tokens": 2,
      "prefill": [
        {
          "id": 589,
          "logprob": null,
          "text": "def"
        },
        {
          "id": 3226,
          "logprob": -8.9453125,
          "text": " ge"
        },
        {
          "id": 21017,
          "logprob": -8.859375,
          "text": "ometric"
        },
        {
          "id": 81,
          "logprob": -0.2163086,
          "text": "_"
        },
        {
          "id": 6009,
          "logprob": -1.2958984,
          "text": "mean"
        },
        {
          "id": 26,
          "logprob": -0.2529297,
          "text": "("
        },
        {
          "id": 62,
          "logprob": -4.796875,
          "text": "L"
        },
        {
          "id": 44,
          "logprob": -3.7910156,
          "text": ":"
        },
        {
          "id": 1682,
          "logprob": -0.8076172,
          "text": " List"
        },
        {
          "id": 77,
          "logprob": -0.22375488,
          "text": "["
        },
        {
          "id": 1808,
          "logprob": -0.46655273,
          "text": "float"
        },
        {
          "id": 10794,
          "logprob": -3.0234375,
          "text": "]):"
        }
      ],
      "seed": null,
      "tokens": [
        {
          "id": 284,
          "logprob": -0.0463562,
          "special": false,
          "text": "\n   "
        },
        {
          "id": 0,
          "logprob": null,
          "special": true,
          "text": "<|endoftext|>"
        }
      ],
      "top_tokens": null
    },
    "generated_text": "\n   "
  },
  {
    "details": {
      "best_of_sequences": null,
      "finish_reason": "eos_token",
      "generated_tokens": 2,
      "prefill": [
        {
          "id": 589,
          "logprob": null,
          "text": "def"
        },
        {
          "id": 3226,
          "logprob": -8.9453125,
          "text": " ge"
        },
        {
          "id": 21017,
          "logprob": -8.859375,
          "text": "ometric"
        },
        {
          "id": 81,
          "logprob": -0.21862793,
          "text": "_"
        },
        {
          "id": 6009,
          "logprob": -1.3095703,
          "text": "mean"
        },
        {
          "id": 26,
          "logprob": -0.25512695,
          "text": "("
        },
        {
          "id": 62,
          "logprob": -4.796875,
          "text": "L"
        },
        {
          "id": 44,
          "logprob": -3.7890625,
          "text": ":"
        },
        {
          "id": 1682,
          "logprob": -0.79589844,
          "text": " List"
        },
        {
          "id": 77,
          "logprob": -0.22692871,
          "text": "["
        },
        {
          "id": 1808,
          "logprob": -0.46801758,
          "text": "float"
        },
        {
          "id": 10794,
          "logprob": -3.0097656,
          "text": "]):"
        }
      ],
      "seed": null,
      "tokens": [
        {
          "id": 284,
          "logprob": -0.04638672,
          "special": false,
          "text": "\n   "
        },
        {
          "id": 0,
          "logprob": null,
          "special": true,
          "text": "<|endoftext|>"
        }
      ],
      "top_tokens": null
    },
    "generated_text": "\n   "
  }
]
