{
  "details": {
    "best_of_sequences": null,
    "finish_reason": "length",
    "generated_tokens": 10,
    "prefill": [],
    "seed": null,
    "tokens": [
      {
        "id": 42,
        "logprob": -0.88378906,
        "special": false,
        "text": "I"
      },
      {
        "id": 1353,
        "logprob": -0.94921875,
        "special": false,
        "text": "'m"
      },
      {
        "id": 417,
        "logprob": -2.2402344,
        "special": false,
        "text": " not"
      },
      {
        "id": 2119,
        "logprob": -0.3725586,
        "special": false,
        "text": " sure"
      },
      {
        "id": 13,
        "logprob": -1.078125,
        "special": false,
        "text": ","
      },
      {
        "id": 534,
        "logprob": -0.67822266,
        "special": false,
        "text": " which"
      },
      {
        "id": 310,
        "logprob": -1.3837891,
        "special": false,
        "text": " is"
      },
      {
        "id": 253,
        "logprob": -1.7050781,
        "special": false,
        "text": " the"
      },
      {
        "id": 1682,
        "logprob": -0.052001953,
        "special": false,
        "text": " best"
      },
      {
        "id": 1039,
        "logprob": -2.0390625,
        "special": false,
        "text": " way"
      }
    ]
  },
  "generated_text": "I'm not sure, which is the best way"
}
