{
  "details": {
    "best_of_sequences": null,
    "finish_reason": "length",
    "generated_tokens": 10,
    "prefill": [],
    "seed": null,
    "tokens": [
      {
        "id": 1241,
        "logprob": -0.9863281,
        "special": false,
        "text": "():"
      },
      {
        "id": 258,
        "logprob": -0.21447754,
        "special": false,
        "text": "\n   "
      },
      {
        "id": 942,
        "logprob": -0.43701172,
        "special": false,
        "text": " print"
      },
      {
        "id": 372,
        "logprob": -0.5361328,
        "special": false,
        "text": "(\""
      },
      {
        "id": 7371,
        "logprob": -0.44555664,
        "special": false,
        "text": "Hello"
      },
      {
        "id": 9956,
        "logprob": -1.2412109,
        "special": false,
        "text": " World"
      },
      {
        "id": 8657,
        "logprob": -0.7583008,
        "special": false,
        "text": "!\")"
      },
      {
        "id": 185,
        "logprob": -0.76171875,
        "special": false,
        "text": "\n"
      },
      {
        "id": 185,
        "logprob": -0.20837402,
        "special": false,
        "text": "\n"
      },
      {
        "id": 1018,
        "logprob": -1.2470703,
        "special": false,
        "text": "print"
      }
    ]
  },
  "generated_text": "():\n    print(\"Hello World!\")\n\nprint"
}
