{
  "choices": [
    {
      "finish_reason": "stop",
      "index": 0,
      "logprobs": null,
      "message": {
        "content": "The correct answer is: blue",
        "name": null,
        "role": "assistant",
        "tool_calls": null
      },
      "usage": null
    }
  ],
  "created": 1733445131,
  "id": "",
  "model": "Qwen/Qwen2-VL-2B-Instruct",
  "object": "chat.completion",
  "system_fingerprint": "2.4.2-dev0-native",
  "usage": {
    "completion_tokens": 7,
    "prompt_tokens": 27,
    "total_tokens": 34
  }
}
