{
  "details": {
    "best_of_sequences": null,
    "finish_reason": "length",
    "generated_tokens": 10,
    "prefill": [],
    "seed": null,
    "tokens": [
      {
        "id": 13,
        "logprob": -1.9228516,
        "special": false,
        "text": "\n"
      },
      {
        "id": 5618,
        "logprob": -2.4609375,
        "special": false,
        "text": "What"
      },
      {
        "id": 338,
        "logprob": -0.57177734,
        "special": false,
        "text": " is"
      },
      {
        "id": 278,
        "logprob": -1.5722656,
        "special": false,
        "text": " the"
      },
      {
        "id": 4328,
        "logprob": -1.5927734,
        "special": false,
        "text": " difference"
      },
      {
        "id": 1546,
        "logprob": -0.026428223,
        "special": false,
        "text": " between"
      },
      {
        "id": 21784,
        "logprob": -1.4267578,
        "special": false,
        "text": " Deep"
      },
      {
        "id": 29257,
        "logprob": -0.16015625,
        "special": false,
        "text": " Learning"
      },
      {
        "id": 322,
        "logprob": -0.17382812,
        "special": false,
        "text": " and"
      },
      {
        "id": 6189,
        "logprob": -0.62060547,
        "special": false,
        "text": " Machine"
      }
    ],
    "top_tokens": null
  },
  "generated_text": "\nWhat is the difference between Deep Learning and Machine"
}
