{
  "details": {
    "best_of_sequences": null,
    "finish_reason": "length",
    "generated_tokens": 10,
    "prefill": [],
    "seed": null,
    "tokens": [
      {
        "id": 330,
        "logprob": -0.08660889,
        "special": false,
        "text": " A"
      },
      {
        "id": 13088,
        "logprob": -0.7089844,
        "special": false,
        "text": " chicken"
      },
      {
        "id": 349,
        "logprob": -0.32885742,
        "special": false,
        "text": " is"
      },
      {
        "id": 6398,
        "logprob": -0.05126953,
        "special": false,
        "text": " sitting"
      },
      {
        "id": 356,
        "logprob": -0.35229492,
        "special": false,
        "text": " on"
      },
      {
        "id": 264,
        "logprob": -0.12561035,
        "special": false,
        "text": " a"
      },
      {
        "id": 17972,
        "logprob": -0.038085938,
        "special": false,
        "text": " pile"
      },
      {
        "id": 302,
        "logprob": -0.00018656254,
        "special": false,
        "text": " of"
      },
      {
        "id": 2445,
        "logprob": -0.07293701,
        "special": false,
        "text": " money"
      },
      {
        "id": 28723,
        "logprob": -0.004852295,
        "special": false,
        "text": "."
      }
    ],
    "top_tokens": null
  },
  "generated_text": " A chicken is sitting on a pile of money."
}
