[
  {
    "choices": [
      {
        "delta": {
          "content": null,
          "role": "assistant",
          "tool_calls": [
            {
              "function": {
                "arguments": "{",
                "name": "get_current_weather"
              },
              "id": "0",
              "index": 0,
              "type": "function"
            }
          ]
        },
        "finish_reason": null,
        "index": 0,
        "logprobs": null
      }
    ],
    "created": 1741688515,
    "id": "",
    "model": "meta-llama/Llama-3.1-8B-Instruct",
    "object": "chat.completion.chunk",
    "system_fingerprint": "3.1.2-dev0-native",
    "usage": null
  },
  {
    "choices": [
      {
        "delta": {
          "content": null,
          "role": "assistant",
          "tool_calls": [
            {
              "function": {
                "arguments": " \"",
                "name": null
              },
              "id": "0",
              "index": 0,
              "type": "function"
            }
          ]
        },
        "finish_reason": null,
        "index": 0,
        "logprobs": null
      }
    ],
    "created": 1741688515,
    "id": "",
    "model": "meta-llama/Llama-3.1-8B-Instruct",
    "object": "chat.completion.chunk",
    "system_fingerprint": "3.1.2-dev0-native",
    "usage": null
  },
  {
    "choices": [
      {
        "delta": {
          "content": null,
          "role": "assistant",
          "tool_calls": [
            {
              "function": {
                "arguments": "location",
                "name": null
              },
              "id": "0",
              "index": 0,
              "type": "function"
            }
          ]
        },
        "finish_reason": null,
        "index": 0,
        "logprobs": null
      }
    ],
    "created": 1741688515,
    "id": "",
    "model": "meta-llama/Llama-3.1-8B-Instruct",
    "object": "chat.completion.chunk",
    "system_fingerprint": "3.1.2-dev0-native",
    "usage": null
  },
  {
    "choices": [
      {
        "delta": {
          "content": null,
          "role": "assistant",
          "tool_calls": [
            {
              "function": {
                "arguments": "\":",
                "name": null
              },
              "id": "0",
              "index": 0,
              "type": "function"
            }
          ]
        },
        "finish_reason": null,
        "index": 0,
        "logprobs": null
      }
    ],
    "created": 1741688515,
    "id": "",
    "model": "meta-llama/Llama-3.1-8B-Instruct",
    "object": "chat.completion.chunk",
    "system_fingerprint": "3.1.2-dev0-native",
    "usage": null
  },
  {
    "choices": [
      {
        "delta": {
          "content": null,
          "role": "assistant",
          "tool_calls": [
            {
              "function": {
                "arguments": " \"",
                "name": null
              },
              "id": "0",
              "index": 0,
              "type": "function"
            }
          ]
        },
        "finish_reason": null,
        "index": 0,
        "logprobs": null
      }
    ],
    "created": 1741688515,
    "id": "",
    "model": "meta-llama/Llama-3.1-8B-Instruct",
    "object": "chat.completion.chunk",
    "system_fingerprint": "3.1.2-dev0-native",
    "usage": null
  },
  {
    "choices": [
      {
        "delta": {
          "content": null,
          "role": "assistant",
          "tool_calls": [
            {
              "function": {
                "arguments": "Bro",
                "name": null
              },
              "id": "0",
              "index": 0,
              "type": "function"
            }
          ]
        },
        "finish_reason": null,
        "index": 0,
        "logprobs": null
      }
    ],
    "created": 1741688515,
    "id": "",
    "model": "meta-llama/Llama-3.1-8B-Instruct",
    "object": "chat.completion.chunk",
    "system_fingerprint": "3.1.2-dev0-native",
    "usage": null
  },
  {
    "choices": [
      {
        "delta": {
          "content": null,
          "role": "assistant",
          "tool_calls": [
            {
              "function": {
                "arguments": "oklyn",
                "name": null
              },
              "id": "0",
              "index": 0,
              "type": "function"
            }
          ]
        },
        "finish_reason": null,
        "index": 0,
        "logprobs": null
      }
    ],
    "created": 1741688515,
    "id": "",
    "model": "meta-llama/Llama-3.1-8B-Instruct",
    "object": "chat.completion.chunk",
    "system_fingerprint": "3.1.2-dev0-native",
    "usage": null
  },
  {
    "choices": [
      {
        "delta": {
          "content": null,
          "role": "assistant",
          "tool_calls": [
            {
              "function": {
                "arguments": ",",
                "name": null
              },
              "id": "0",
              "index": 0,
              "type": "function"
            }
          ]
        },
        "finish_reason": null,
        "index": 0,
        "logprobs": null
      }
    ],
    "created": 1741688515,
    "id": "",
    "model": "meta-llama/Llama-3.1-8B-Instruct",
    "object": "chat.completion.chunk",
    "system_fingerprint": "3.1.2-dev0-native",
    "usage": null
  },
  {
    "choices": [
      {
        "delta": {
          "content": null,
          "role": "assistant",
          "tool_calls": [
            {
              "function": {
                "arguments": " NY",
                "name": null
              },
              "id": "0",
              "index": 0,
              "type": "function"
            }
          ]
        },
        "finish_reason": null,
        "index": 0,
        "logprobs": null
      }
    ],
    "created": 1741688515,
    "id": "",
    "model": "meta-llama/Llama-3.1-8B-Instruct",
    "object": "chat.completion.chunk",
    "system_fingerprint": "3.1.2-dev0-native",
    "usage": null
  },
  {
    "choices": [
      {
        "delta": {
          "content": null,
          "role": "assistant",
          "tool_calls": [
            {
              "function": {
                "arguments": "\",",
                "name": null
              },
              "id": "0",
              "index": 0,
              "type": "function"
            }
          ]
        },
        "finish_reason": null,
        "index": 0,
        "logprobs": null
      }
    ],
    "created": 1741688515,
    "id": "",
    "model": "meta-llama/Llama-3.1-8B-Instruct",
    "object": "chat.completion.chunk",
    "system_fingerprint": "3.1.2-dev0-native",
    "usage": null
  },
  {
    "choices": [
      {
        "delta": {
          "content": null,
          "role": "assistant",
          "tool_calls": [
            {
              "function": {
                "arguments": " \"",
                "name": null
              },
              "id": "0",
              "index": 0,
              "type": "function"
            }
          ]
        },
        "finish_reason": null,
        "index": 0,
        "logprobs": null
      }
    ],
    "created": 1741688515,
    "id": "",
    "model": "meta-llama/Llama-3.1-8B-Instruct",
    "object": "chat.completion.chunk",
    "system_fingerprint": "3.1.2-dev0-native",
    "usage": null
  },
  {
    "choices": [
      {
        "delta": {
          "content": null,
          "role": "assistant",
          "tool_calls": [
            {
              "function": {
                "arguments": "format",
                "name": null
              },
              "id": "0",
              "index": 0,
              "type": "function"
            }
          ]
        },
        "finish_reason": null,
        "index": 0,
        "logprobs": null
      }
    ],
    "created": 1741688515,
    "id": "",
    "model": "meta-llama/Llama-3.1-8B-Instruct",
    "object": "chat.completion.chunk",
    "system_fingerprint": "3.1.2-dev0-native",
    "usage": null
  },
  {
    "choices": [
      {
        "delta": {
          "content": null,
          "role": "assistant",
          "tool_calls": [
            {
              "function": {
                "arguments": "\":",
                "name": null
              },
              "id": "0",
              "index": 0,
              "type": "function"
            }
          ]
        },
        "finish_reason": null,
        "index": 0,
        "logprobs": null
      }
    ],
    "created": 1741688515,
    "id": "",
    "model": "meta-llama/Llama-3.1-8B-Instruct",
    "object": "chat.completion.chunk",
    "system_fingerprint": "3.1.2-dev0-native",
    "usage": null
  },
  {
    "choices": [
      {
        "delta": {
          "content": null,
          "role": "assistant",
          "tool_calls": [
            {
              "function": {
                "arguments": " \"",
                "name": null
              },
              "id": "0",
              "index": 0,
              "type": "function"
            }
          ]
        },
        "finish_reason": null,
        "index": 0,
        "logprobs": null
      }
    ],
    "created": 1741688515,
    "id": "",
    "model": "meta-llama/Llama-3.1-8B-Instruct",
    "object": "chat.completion.chunk",
    "system_fingerprint": "3.1.2-dev0-native",
    "usage": null
  },
  {
    "choices": [
      {
        "delta": {
          "content": null,
          "role": "assistant",
          "tool_calls": [
            {
              "function": {
                "arguments": "f",
                "name": null
              },
              "id": "0",
              "index": 0,
              "type": "function"
            }
          ]
        },
        "finish_reason": null,
        "index": 0,
        "logprobs": null
      }
    ],
    "created": 1741688515,
    "id": "",
    "model": "meta-llama/Llama-3.1-8B-Instruct",
    "object": "chat.completion.chunk",
    "system_fingerprint": "3.1.2-dev0-native",
    "usage": null
  },
  {
    "choices": [
      {
        "delta": {
          "content": null,
          "role": "assistant",
          "tool_calls": [
            {
              "function": {
                "arguments": "ahrenheit",
                "name": null
              },
              "id": "0",
              "index": 0,
              "type": "function"
            }
          ]
        },
        "finish_reason": null,
        "index": 0,
        "logprobs": null
      }
    ],
    "created": 1741688515,
    "id": "",
    "model": "meta-llama/Llama-3.1-8B-Instruct",
    "object": "chat.completion.chunk",
    "system_fingerprint": "3.1.2-dev0-native",
    "usage": null
  },
  {
    "choices": [
      {
        "delta": {
          "content": null,
          "role": "assistant",
          "tool_calls": [
            {
              "function": {
                "arguments": "\"}",
                "name": null
              },
              "id": "0",
              "index": 0,
              "type": "function"
            }
          ]
        },
        "finish_reason": null,
        "index": 0,
        "logprobs": null
      }
    ],
    "created": 1741688515,
    "id": "",
    "model": "meta-llama/Llama-3.1-8B-Instruct",
    "object": "chat.completion.chunk",
    "system_fingerprint": "3.1.2-dev0-native",
    "usage": null
  }
]
