{
  "details": {
    "best_of_sequences": null,
    "finish_reason": "length",
    "generated_tokens": 60,
    "prefill": [
      {
        "id": 610,
        "logprob": null,
        "text": "def"
      },
      {
        "id": 1489,
        "logprob": -5.265625,
        "text": " print"
      },
      {
        "id": 100,
        "logprob": -0.38305664,
        "text": "_"
      },
      {
        "id": 7670,
        "logprob": -7.640625,
        "text": "hello"
      }
    ],
    "seed": 0,
    "tokens": [
      {
        "id": 2284,
        "logprob": -0.296875,
        "special": false,
        "text": "():"
      },
      {
        "id": 303,
        "logprob": 0.0,
        "special": false,
        "text": "\n   "
      },
      {
        "id": 1489,
        "logprob": 0.0,
        "special": false,
        "text": " print"
      },
      {
        "id": 459,
        "logprob": 0.0,
        "special": false,
        "text": "(\""
      },
      {
        "id": 8302,
        "logprob": -0.26611328,
        "special": false,
        "text": "Hello"
      },
      {
        "id": 10914,
        "logprob": -0.7734375,
        "special": false,
        "text": " World"
      },
      {
        "id": 16013,
        "logprob": -0.61816406,
        "special": false,
        "text": "!\")"
      },
      {
        "id": 222,
        "logprob": -0.054870605,
        "special": false,
        "text": "\n"
      },
      {
        "id": 222,
        "logprob": 0.0,
        "special": false,
        "text": "\n"
      },
      {
        "id": 610,
        "logprob": -0.4152832,
        "special": false,
        "text": "def"
      },
      {
        "id": 1489,
        "logprob": 0.0,
        "special": false,
        "text": " print"
      },
      {
        "id": 100,
        "logprob": 0.0,
        "special": false,
        "text": "_"
      },
      {
        "id": 7670,
        "logprob": 0.0,
        "special": false,
        "text": "hello"
      },
      {
        "id": 100,
        "logprob": 0.0,
        "special": false,
        "text": "_"
      },
      {
        "id": 444,
        "logprob": -0.21618652,
        "special": false,
        "text": "name"
      },
      {
        "id": 45,
        "logprob": 0.0,
        "special": false,
        "text": "("
      },
      {
        "id": 444,
        "logprob": 0.0,
        "special": false,
        "text": "name"
      },
      {
        "id": 731,
        "logprob": 0.0,
        "special": false,
        "text": "):"
      },
      {
        "id": 303,
        "logprob": 0.0,
        "special": false,
        "text": "\n   "
      },
      {
        "id": 1489,
        "logprob": 0.0,
        "special": false,
        "text": " print"
      },
      {
        "id": 459,
        "logprob": 0.0,
        "special": false,
        "text": "(\""
      },
      {
        "id": 8302,
        "logprob": 0.0,
        "special": false,
        "text": "Hello"
      },
      {
        "id": 925,
        "logprob": -3.3476562,
        "special": false,
        "text": " %"
      },
      {
        "id": 120,
        "logprob": 0.0,
        "special": false,
        "text": "s"
      },
      {
        "id": 11571,
        "logprob": -0.08892822,
        "special": false,
        "text": "!\""
      },
      {
        "id": 925,
        "logprob": 0.0,
        "special": false,
        "text": " %"
      },
      {
        "id": 655,
        "logprob": 0.0,
        "special": false,
        "text": " name"
      },
      {
        "id": 46,
        "logprob": 0.0,
        "special": false,
        "text": ")"
      },
      {
        "id": 222,
        "logprob": 0.0,
        "special": false,
        "text": "\n"
      },
      {
        "id": 222,
        "logprob": 0.0,
        "special": false,
        "text": "\n"
      },
      {
        "id": 610,
        "logprob": 0.0,
        "special": false,
        "text": "def"
      },
      {
        "id": 1489,
        "logprob": 0.0,
        "special": false,
        "text": " print"
      },
      {
        "id": 100,
        "logprob": 0.0,
        "special": false,
        "text": "_"
      },
      {
        "id": 7670,
        "logprob": 0.0,
        "special": false,
        "text": "hello"
      },
      {
        "id": 100,
        "logprob": 0.0,
        "special": false,
        "text": "_"
      },
      {
        "id": 444,
        "logprob": 0.0,
        "special": false,
        "text": "name"
      },
      {
        "id": 100,
        "logprob": 0.0,
        "special": false,
        "text": "_"
      },
      {
        "id": 400,
        "logprob": -0.074279785,
        "special": false,
        "text": "age"
      },
      {
        "id": 45,
        "logprob": 0.0,
        "special": false,
        "text": "("
      },
      {
        "id": 444,
        "logprob": 0.0,
        "special": false,
        "text": "name"
      },
      {
        "id": 49,
        "logprob": 0.0,
        "special": false,
        "text": ","
      },
      {
        "id": 11505,
        "logprob": 0.0,
        "special": false,
        "text": " age"
      },
      {
        "id": 731,
        "logprob": 0.0,
        "special": false,
        "text": "):"
      },
      {
        "id": 303,
        "logprob": 0.0,
        "special": false,
        "text": "\n   "
      },
      {
        "id": 1489,
        "logprob": 0.0,
        "special": false,
        "text": " print"
      },
      {
        "id": 459,
        "logprob": 0.0,
        "special": false,
        "text": "(\""
      },
      {
        "id": 8302,
        "logprob": 0.0,
        "special": false,
        "text": "Hello"
      },
      {
        "id": 925,
        "logprob": 0.0,
        "special": false,
        "text": " %"
      },
      {
        "id": 120,
        "logprob": 0.0,
        "special": false,
        "text": "s"
      },
      {
        "id": 49,
        "logprob": -0.07891846,
        "special": false,
        "text": ","
      },
      {
        "id": 863,
        "logprob": 0.0,
        "special": false,
        "text": " you"
      },
      {
        "id": 904,
        "logprob": 0.0,
        "special": false,
        "text": " are"
      },
      {
        "id": 925,
        "logprob": 0.0,
        "special": false,
        "text": " %"
      },
      {
        "id": 105,
        "logprob": 0.0,
        "special": false,
        "text": "d"
      },
      {
        "id": 11339,
        "logprob": 0.0,
        "special": false,
        "text": " years"
      },
      {
        "id": 3627,
        "logprob": 0.0,
        "special": false,
        "text": " old"
      },
      {
        "id": 11571,
        "logprob": 0.0,
        "special": false,
        "text": "!\""
      },
      {
        "id": 925,
        "logprob": 0.0,
        "special": false,
        "text": " %"
      },
      {
        "id": 327,
        "logprob": 0.0,
        "special": false,
        "text": " ("
      },
      {
        "id": 444,
        "logprob": 0.0,
        "special": false,
        "text": "name"
      }
    ],
    "top_tokens": null
  },
  "generated_text": "():\n    print(\"Hello World!\")\n\ndef print_hello_name(name):\n    print(\"Hello %s!\" % name)\n\ndef print_hello_name_age(name, age):\n    print(\"Hello %s, you are %d years old!\" % (name"
}
