{
  "details": {
    "finish_reason": "length",
    "generated_tokens": 10,
    "prefill": [],
    "seed": null,
    "tokens": [
      {
        "id": 100,
        "logprob": -0.9824219,
        "special": false,
        "text": "_"
      },
      {
        "id": 5879,
        "logprob": -0.3017578,
        "special": false,
        "text": "world"
      },
      {
        "id": 2284,
        "logprob": -0.68652344,
        "special": false,
        "text": "():"
      },
      {
        "id": 303,
        "logprob": -0.27734375,
        "special": false,
        "text": "\n   "
      },
      {
        "id": 1489,
        "logprob": -0.4482422,
        "special": false,
        "text": " print"
      },
      {
        "id": 459,
        "logprob": -0.54248047,
        "special": false,
        "text": "(\""
      },
      {
        "id": 8302,
        "logprob": -0.4296875,
        "special": false,
        "text": "Hello"
      },
      {
        "id": 10914,
        "logprob": -0.8544922,
        "special": false,
        "text": " World"
      },
      {
        "id": 16013,
        "logprob": -0.7573242,
        "special": false,
        "text": "!\")"
      },
      {
        "id": 222,
        "logprob": -0.81347656,
        "special": false,
        "text": "\n"
      }
    ]
  },
  "generated_text": "_world():\n    print(\"Hello World!\")\n"
}
