{
  "details": {
    "best_of_sequences": null,
    "finish_reason": "length",
    "generated_tokens": 10,
    "prefill": [],
    "seed": null,
    "tokens": [
      {
        "id": 323,
        "logprob": -1.1171875,
        "special": false,
        "text": " and"
      },
      {
        "id": 1268,
        "logprob": -0.9477539,
        "special": false,
        "text": " how"
      },
      {
        "id": 1587,
        "logprob": -0.51464844,
        "special": false,
        "text": " does"
      },
      {
        "id": 433,
        "logprob": -0.043182373,
        "special": false,
        "text": " it"
      },
      {
        "id": 1782,
        "logprob": -1.0810547,
        "special": false,
        "text": " differ"
      },
      {
        "id": 505,
        "logprob": -0.005054474,
        "special": false,
        "text": " from"
      },
      {
        "id": 8776,
        "logprob": -0.47485352,
        "special": false,
        "text": " traditional"
      },
      {
        "id": 5780,
        "logprob": -0.15112305,
        "special": false,
        "text": " machine"
      },
      {
        "id": 6975,
        "logprob": -0.0011291504,
        "special": false,
        "text": " learning"
      },
      {
        "id": 5380,
        "logprob": -0.31323242,
        "special": false,
        "text": "?\n"
      }
    ],
    "top_tokens": null
  },
  "generated_text": " and how does it differ from traditional machine learning?\n"
}
